// Vitest Snapshot v1, https://vitest.dev/guide/snapshot.html

exports[`CardGrid accessibility > passes axe checks 1`] = `
<div>
  <div
    class="grid w-full grid-cols-1 md:grid-cols-2 xl:grid-cols-3 gap-[var(--space-lg)]"
    data-testid="card-grid"
    style="gap: var(--space-lg, 1.5rem);"
  >
    <div
      class="rounded-lg border bg-card text-card-foreground flex h-full flex-col shadow-sm transition-shadow focus-within:ring-2 focus-within:ring-[var(--focus)]"
      id="card-demo"
    >
      <div
        class="flex flex-col p-6 space-y-3"
      >
        <div
          class="flex items-start justify-between gap-3"
        >
          <div
            class="flex items-center gap-3"
          >
            <div
              class="flex size-10 items-center justify-center rounded-full bg-primary/10 text-primary"
            >
              <span
                aria-hidden="true"
              >
                üîç
              </span>
            </div>
            <div>
              <div
                class="text-2xl font-semibold tracking-tight font-heading text-[var(--text-lg)] leading-[var(--line-height-tight)]"
              >
                Demo card
              </div>
              <div
                class="text-sm text-[var(--text-sm)] leading-[var(--line-height-relaxed)]"
              >
                A sample card used for accessibility validation.
              </div>
            </div>
          </div>
        </div>
      </div>
      <div
        class="p-6 pt-0 space-y-2"
      >
        <div
          class="w-full"
          data-orientation="vertical"
        >
          <div
            class="border-b"
            data-orientation="vertical"
            data-state="open"
          >
            <h3
              class="flex"
              data-orientation="vertical"
              data-state="open"
            >
              <button
                aria-controls="radix-:r1:"
                aria-expanded="true"
                class="flex flex-1 items-center justify-between py-4 font-medium transition-all hover:underline [&[data-state=open]>svg]:rotate-180 text-left text-[var(--text-md)]"
                data-orientation="vertical"
                data-radix-collection-item=""
                data-state="open"
                id="radix-:r0:"
                type="button"
              >
                <div
                  class="flex flex-col items-start gap-1"
                >
                  <span>
                    Summary
                  </span>
                  <span
                    class="text-[var(--text-sm)] text-muted-foreground"
                  >
                    High level summary
                  </span>
                </div>
                <svg
                  class="lucide lucide-chevron-down h-4 w-4 shrink-0 transition-transform duration-200"
                  fill="none"
                  height="24"
                  stroke="currentColor"
                  stroke-linecap="round"
                  stroke-linejoin="round"
                  stroke-width="2"
                  viewBox="0 0 24 24"
                  width="24"
                  xmlns="http://www.w3.org/2000/svg"
                >
                  <path
                    d="m6 9 6 6 6-6"
                  />
                </svg>
              </button>
            </h3>
            <div
              aria-labelledby="radix-:r0:"
              class="overflow-hidden text-sm transition-all data-[state=closed]:animate-accordion-up data-[state=open]:animate-accordion-down"
              data-orientation="vertical"
              data-state="open"
              id="radix-:r1:"
              role="region"
              style="--radix-accordion-content-height: var(--radix-collapsible-content-height); --radix-accordion-content-width: var(--radix-collapsible-content-width); transition-duration: 0s; animation-name: none;"
            >
              <div
                class="pb-4 pt-2"
              >
                <p>
                  Progressive disclosure keeps this content tucked away until needed.
                </p>
              </div>
            </div>
          </div>
          <div
            class="border-b"
            data-orientation="vertical"
            data-state="closed"
          >
            <h3
              class="flex"
              data-orientation="vertical"
              data-state="closed"
            >
              <button
                aria-controls="radix-:r3:"
                aria-expanded="false"
                class="flex flex-1 items-center justify-between py-4 font-medium transition-all hover:underline [&[data-state=open]>svg]:rotate-180 text-left text-[var(--text-md)]"
                data-orientation="vertical"
                data-radix-collection-item=""
                data-state="closed"
                id="radix-:r2:"
                type="button"
              >
                <div
                  class="flex flex-col items-start gap-1"
                >
                  <span>
                    Actions
                  </span>
                  <span
                    class="text-[var(--text-sm)] text-muted-foreground"
                  >
                    Available tasks
                  </span>
                </div>
                <svg
                  class="lucide lucide-chevron-down h-4 w-4 shrink-0 transition-transform duration-200"
                  fill="none"
                  height="24"
                  stroke="currentColor"
                  stroke-linecap="round"
                  stroke-linejoin="round"
                  stroke-width="2"
                  viewBox="0 0 24 24"
                  width="24"
                  xmlns="http://www.w3.org/2000/svg"
                >
                  <path
                    d="m6 9 6 6 6-6"
                  />
                </svg>
              </button>
            </h3>
            <div
              aria-labelledby="radix-:r2:"
              class="overflow-hidden text-sm transition-all data-[state=closed]:animate-accordion-up data-[state=open]:animate-accordion-down"
              data-orientation="vertical"
              data-state="closed"
              hidden=""
              id="radix-:r3:"
              role="region"
              style="--radix-accordion-content-height: var(--radix-collapsible-content-height); --radix-accordion-content-width: var(--radix-collapsible-content-width);"
            />
          </div>
        </div>
      </div>
    </div>
  </div>
</div>
`;
