// Vitest Snapshot v1, https://vitest.dev/guide/snapshot.html

exports[`CommandPalette accessibility > has no axe violations 1`] = `
<div
  aria-hidden="true"
  data-aria-hidden="true"
/>
`;
